{
    "software_versions": {
        "content": [
            {
                "FASTP": {
                    "fastp": "0.23.4"
                },
                "FASTQC": {
                    "fastqc": "0.12.1"
                },
                "Workflow": {
                    "rki-mf1/omnifluss": "v1.0dev"
                }
            }
        ],
        "meta": {
            "nf-test": "0.8.4",
            "nextflow": "23.04.1"
        },
        "timestamp": "2024-11-14T15:19:29.751098242"
    },
    "-profile test": {
        "content": [
            7,
            {
                "FASTP": {
                    "fastp": "0.23.4"
                },
                "FASTQC": {
                    "fastqc": "0.12.1"
                },
                "Workflow": {
                    "rki-mf1/omnifluss": "v1.0dev"
                }
            },
            [
                "fastp",
                "fastp/SAMPLE1_PE.fastp.html",
                "fastp/SAMPLE1_PE.fastp.json",
                "fastp/SAMPLE1_PE.fastp.log",
                "fastp/SAMPLE1_PE_1.fastp.fastq.gz",
                "fastp/SAMPLE1_PE_2.fastp.fastq.gz",
                "fastp/SAMPLE2_PE.fastp.html",
                "fastp/SAMPLE2_PE.fastp.json",
                "fastp/SAMPLE2_PE.fastp.log",
                "fastp/SAMPLE2_PE_1.fastp.fastq.gz",
                "fastp/SAMPLE2_PE_2.fastp.fastq.gz",
                "fastp/SAMPLE3_SE.fastp.fastq.gz",
                "fastp/SAMPLE3_SE.fastp.html",
                "fastp/SAMPLE3_SE.fastp.json",
                "fastp/SAMPLE3_SE.fastp.log",
                "fastqc",
                "fastqc/SAMPLE1_PE_1_fastqc.html",
                "fastqc/SAMPLE1_PE_1_fastqc.zip",
                "fastqc/SAMPLE1_PE_2_fastqc.html",
                "fastqc/SAMPLE1_PE_2_fastqc.zip",
                "fastqc/SAMPLE2_PE_1_fastqc.html",
                "fastqc/SAMPLE2_PE_1_fastqc.zip",
                "fastqc/SAMPLE2_PE_2_fastqc.html",
                "fastqc/SAMPLE2_PE_2_fastqc.zip",
                "fastqc/SAMPLE3_SE_1_fastqc.html",
                "fastqc/SAMPLE3_SE_1_fastqc.zip",
                "fastqc/SAMPLE3_SE_2_fastqc.html",
                "fastqc/SAMPLE3_SE_2_fastqc.zip",
                "multiqc",
                "multiqc/multiqc_data",
                "multiqc/multiqc_data/fastp-insert-size-plot.txt",
                "multiqc/multiqc_data/fastp-seq-content-gc-plot_Read_1_After_filtering.txt",
                "multiqc/multiqc_data/fastp-seq-content-gc-plot_Read_1_Before_filtering.txt",
                "multiqc/multiqc_data/fastp-seq-content-gc-plot_Read_2_After_filtering.txt",
                "multiqc/multiqc_data/fastp-seq-content-gc-plot_Read_2_Before_filtering.txt",
                "multiqc/multiqc_data/fastp-seq-content-n-plot_Read_1_After_filtering.txt",
                "multiqc/multiqc_data/fastp-seq-content-n-plot_Read_1_Before_filtering.txt",
                "multiqc/multiqc_data/fastp-seq-content-n-plot_Read_2_After_filtering.txt",
                "multiqc/multiqc_data/fastp-seq-content-n-plot_Read_2_Before_filtering.txt",
                "multiqc/multiqc_data/fastp-seq-quality-plot_Read_1_After_filtering.txt",
                "multiqc/multiqc_data/fastp-seq-quality-plot_Read_1_Before_filtering.txt",
                "multiqc/multiqc_data/fastp-seq-quality-plot_Read_2_After_filtering.txt",
                "multiqc/multiqc_data/fastp-seq-quality-plot_Read_2_Before_filtering.txt",
                "multiqc/multiqc_data/fastp_filtered_reads_plot.txt",
                "multiqc/multiqc_data/fastqc-status-check-heatmap.txt",
                "multiqc/multiqc_data/fastqc_overrepresented_sequences_plot.txt",
                "multiqc/multiqc_data/fastqc_per_base_n_content_plot.txt",
                "multiqc/multiqc_data/fastqc_per_base_sequence_quality_plot.txt",
                "multiqc/multiqc_data/fastqc_per_sequence_gc_content_plot_Counts.txt",
                "multiqc/multiqc_data/fastqc_per_sequence_gc_content_plot_Percentages.txt",
                "multiqc/multiqc_data/fastqc_per_sequence_quality_scores_plot.txt",
                "multiqc/multiqc_data/fastqc_sequence_counts_plot.txt",
                "multiqc/multiqc_data/fastqc_sequence_duplication_levels_plot.txt",
                "multiqc/multiqc_data/fastqc_sequence_length_distribution_plot.txt",
                "multiqc/multiqc_data/fastqc_top_overrepresented_sequences_table.txt",
                "multiqc/multiqc_data/multiqc.log",
                "multiqc/multiqc_data/multiqc_citations.txt",
                "multiqc/multiqc_data/multiqc_data.json",
                "multiqc/multiqc_data/multiqc_fastp.txt",
                "multiqc/multiqc_data/multiqc_fastqc.txt",
                "multiqc/multiqc_data/multiqc_general_stats.txt",
                "multiqc/multiqc_data/multiqc_software_versions.txt",
                "multiqc/multiqc_data/multiqc_sources.txt",
                "multiqc/multiqc_plots",
                "multiqc/multiqc_plots/pdf",
                "multiqc/multiqc_plots/pdf/fastp-insert-size-plot.pdf",
                "multiqc/multiqc_plots/pdf/fastp-seq-content-gc-plot_Read_1_After_filtering.pdf",
                "multiqc/multiqc_plots/pdf/fastp-seq-content-gc-plot_Read_1_Before_filtering.pdf",
                "multiqc/multiqc_plots/pdf/fastp-seq-content-gc-plot_Read_2_After_filtering.pdf",
                "multiqc/multiqc_plots/pdf/fastp-seq-content-gc-plot_Read_2_Before_filtering.pdf",
                "multiqc/multiqc_plots/pdf/fastp-seq-content-n-plot_Read_1_After_filtering.pdf",
                "multiqc/multiqc_plots/pdf/fastp-seq-content-n-plot_Read_1_Before_filtering.pdf",
                "multiqc/multiqc_plots/pdf/fastp-seq-content-n-plot_Read_2_After_filtering.pdf",
                "multiqc/multiqc_plots/pdf/fastp-seq-content-n-plot_Read_2_Before_filtering.pdf",
                "multiqc/multiqc_plots/pdf/fastp-seq-quality-plot_Read_1_After_filtering.pdf",
                "multiqc/multiqc_plots/pdf/fastp-seq-quality-plot_Read_1_Before_filtering.pdf",
                "multiqc/multiqc_plots/pdf/fastp-seq-quality-plot_Read_2_After_filtering.pdf",
                "multiqc/multiqc_plots/pdf/fastp-seq-quality-plot_Read_2_Before_filtering.pdf",
                "multiqc/multiqc_plots/pdf/fastp_filtered_reads_plot-cnt.pdf",
                "multiqc/multiqc_plots/pdf/fastp_filtered_reads_plot-pct.pdf",
                "multiqc/multiqc_plots/pdf/fastqc-status-check-heatmap.pdf",
                "multiqc/multiqc_plots/pdf/fastqc_overrepresented_sequences_plot.pdf",
                "multiqc/multiqc_plots/pdf/fastqc_per_base_n_content_plot.pdf",
                "multiqc/multiqc_plots/pdf/fastqc_per_base_sequence_quality_plot.pdf",
                "multiqc/multiqc_plots/pdf/fastqc_per_sequence_gc_content_plot_Counts.pdf",
                "multiqc/multiqc_plots/pdf/fastqc_per_sequence_gc_content_plot_Percentages.pdf",
                "multiqc/multiqc_plots/pdf/fastqc_per_sequence_quality_scores_plot.pdf",
                "multiqc/multiqc_plots/pdf/fastqc_sequence_counts_plot-cnt.pdf",
                "multiqc/multiqc_plots/pdf/fastqc_sequence_counts_plot-pct.pdf",
                "multiqc/multiqc_plots/pdf/fastqc_sequence_duplication_levels_plot.pdf",
                "multiqc/multiqc_plots/pdf/fastqc_sequence_length_distribution_plot.pdf",
                "multiqc/multiqc_plots/pdf/fastqc_top_overrepresented_sequences_table.pdf",
                "multiqc/multiqc_plots/pdf/general_stats_table.pdf",
                "multiqc/multiqc_plots/png",
                "multiqc/multiqc_plots/png/fastp-insert-size-plot.png",
                "multiqc/multiqc_plots/png/fastp-seq-content-gc-plot_Read_1_After_filtering.png",
                "multiqc/multiqc_plots/png/fastp-seq-content-gc-plot_Read_1_Before_filtering.png",
                "multiqc/multiqc_plots/png/fastp-seq-content-gc-plot_Read_2_After_filtering.png",
                "multiqc/multiqc_plots/png/fastp-seq-content-gc-plot_Read_2_Before_filtering.png",
                "multiqc/multiqc_plots/png/fastp-seq-content-n-plot_Read_1_After_filtering.png",
                "multiqc/multiqc_plots/png/fastp-seq-content-n-plot_Read_1_Before_filtering.png",
                "multiqc/multiqc_plots/png/fastp-seq-content-n-plot_Read_2_After_filtering.png",
                "multiqc/multiqc_plots/png/fastp-seq-content-n-plot_Read_2_Before_filtering.png",
                "multiqc/multiqc_plots/png/fastp-seq-quality-plot_Read_1_After_filtering.png",
                "multiqc/multiqc_plots/png/fastp-seq-quality-plot_Read_1_Before_filtering.png",
                "multiqc/multiqc_plots/png/fastp-seq-quality-plot_Read_2_After_filtering.png",
                "multiqc/multiqc_plots/png/fastp-seq-quality-plot_Read_2_Before_filtering.png",
                "multiqc/multiqc_plots/png/fastp_filtered_reads_plot-cnt.png",
                "multiqc/multiqc_plots/png/fastp_filtered_reads_plot-pct.png",
                "multiqc/multiqc_plots/png/fastqc-status-check-heatmap.png",
                "multiqc/multiqc_plots/png/fastqc_overrepresented_sequences_plot.png",
                "multiqc/multiqc_plots/png/fastqc_per_base_n_content_plot.png",
                "multiqc/multiqc_plots/png/fastqc_per_base_sequence_quality_plot.png",
                "multiqc/multiqc_plots/png/fastqc_per_sequence_gc_content_plot_Counts.png",
                "multiqc/multiqc_plots/png/fastqc_per_sequence_gc_content_plot_Percentages.png",
                "multiqc/multiqc_plots/png/fastqc_per_sequence_quality_scores_plot.png",
                "multiqc/multiqc_plots/png/fastqc_sequence_counts_plot-cnt.png",
                "multiqc/multiqc_plots/png/fastqc_sequence_counts_plot-pct.png",
                "multiqc/multiqc_plots/png/fastqc_sequence_duplication_levels_plot.png",
                "multiqc/multiqc_plots/png/fastqc_sequence_length_distribution_plot.png",
                "multiqc/multiqc_plots/png/fastqc_top_overrepresented_sequences_table.png",
                "multiqc/multiqc_plots/png/general_stats_table.png",
                "multiqc/multiqc_plots/svg",
                "multiqc/multiqc_plots/svg/fastp-insert-size-plot.svg",
                "multiqc/multiqc_plots/svg/fastp-seq-content-gc-plot_Read_1_After_filtering.svg",
                "multiqc/multiqc_plots/svg/fastp-seq-content-gc-plot_Read_1_Before_filtering.svg",
                "multiqc/multiqc_plots/svg/fastp-seq-content-gc-plot_Read_2_After_filtering.svg",
                "multiqc/multiqc_plots/svg/fastp-seq-content-gc-plot_Read_2_Before_filtering.svg",
                "multiqc/multiqc_plots/svg/fastp-seq-content-n-plot_Read_1_After_filtering.svg",
                "multiqc/multiqc_plots/svg/fastp-seq-content-n-plot_Read_1_Before_filtering.svg",
                "multiqc/multiqc_plots/svg/fastp-seq-content-n-plot_Read_2_After_filtering.svg",
                "multiqc/multiqc_plots/svg/fastp-seq-content-n-plot_Read_2_Before_filtering.svg",
                "multiqc/multiqc_plots/svg/fastp-seq-quality-plot_Read_1_After_filtering.svg",
                "multiqc/multiqc_plots/svg/fastp-seq-quality-plot_Read_1_Before_filtering.svg",
                "multiqc/multiqc_plots/svg/fastp-seq-quality-plot_Read_2_After_filtering.svg",
                "multiqc/multiqc_plots/svg/fastp-seq-quality-plot_Read_2_Before_filtering.svg",
                "multiqc/multiqc_plots/svg/fastp_filtered_reads_plot-cnt.svg",
                "multiqc/multiqc_plots/svg/fastp_filtered_reads_plot-pct.svg",
                "multiqc/multiqc_plots/svg/fastqc-status-check-heatmap.svg",
                "multiqc/multiqc_plots/svg/fastqc_overrepresented_sequences_plot.svg",
                "multiqc/multiqc_plots/svg/fastqc_per_base_n_content_plot.svg",
                "multiqc/multiqc_plots/svg/fastqc_per_base_sequence_quality_plot.svg",
                "multiqc/multiqc_plots/svg/fastqc_per_sequence_gc_content_plot_Counts.svg",
                "multiqc/multiqc_plots/svg/fastqc_per_sequence_gc_content_plot_Percentages.svg",
                "multiqc/multiqc_plots/svg/fastqc_per_sequence_quality_scores_plot.svg",
                "multiqc/multiqc_plots/svg/fastqc_sequence_counts_plot-cnt.svg",
                "multiqc/multiqc_plots/svg/fastqc_sequence_counts_plot-pct.svg",
                "multiqc/multiqc_plots/svg/fastqc_sequence_duplication_levels_plot.svg",
                "multiqc/multiqc_plots/svg/fastqc_sequence_length_distribution_plot.svg",
                "multiqc/multiqc_plots/svg/fastqc_top_overrepresented_sequences_table.svg",
                "multiqc/multiqc_plots/svg/general_stats_table.svg",
                "multiqc/multiqc_report.html",
                "pipeline_info",
                "pipeline_info/omnifluss_software_mqc_versions.yml"
            ],
            [
                "SAMPLE1_PE.fastp.json:md5,c5906e853e76b3e7221a6f641c832ce7",
                "SAMPLE1_PE_1.fastp.fastq.gz:md5,3db1926e6d967b3ddfd06343f449cb87",
                "SAMPLE1_PE_2.fastp.fastq.gz:md5,338d78aaff76a8761e29d0c78a24bab2",
                "SAMPLE2_PE.fastp.json:md5,a97523ec476d53cbcb59375c071fc5cf",
                "SAMPLE2_PE_1.fastp.fastq.gz:md5,a4b3c26f992f9e56e80efa4a688ac13e",
                "SAMPLE2_PE_2.fastp.fastq.gz:md5,bbd42a12e38436738821a8be2f3fd756",
                "SAMPLE3_SE.fastp.fastq.gz:md5,5986c35faa81805b62d1622aa249a393",
                "SAMPLE3_SE.fastp.json:md5,2ec10724b42d8bcd41f72b132524ba0e",
                "fastp-insert-size-plot.txt:md5,4614dc8ee875b062ae96fb8e2f3ee9d7",
                "fastp-seq-content-gc-plot_Read_1_After_filtering.txt:md5,07eb52afa524204d47ee395a1183a25c",
                "fastp-seq-content-gc-plot_Read_1_Before_filtering.txt:md5,431fb17b1125b680275ce8d8a4a707af",
                "fastp-seq-content-gc-plot_Read_2_After_filtering.txt:md5,200e1cc0bf20f84c42f4a43e2a0acfa9",
                "fastp-seq-content-gc-plot_Read_2_Before_filtering.txt:md5,ce9cbb0a8d05e8e7928f5a964b1989ef",
                "fastp-seq-content-n-plot_Read_1_After_filtering.txt:md5,84d74ba1470a2214042562c1c63bdf5c",
                "fastp-seq-content-n-plot_Read_1_Before_filtering.txt:md5,1c19359825db6f85170b5e249d4e8aeb",
                "fastp-seq-content-n-plot_Read_2_After_filtering.txt:md5,d5eeb529e26c486cb82e0e5a2869ab3e",
                "fastp-seq-content-n-plot_Read_2_Before_filtering.txt:md5,b628552c5b50fd4b91857dcc1a143282",
                "fastp-seq-quality-plot_Read_1_After_filtering.txt:md5,4e131445175b07f910ac689edb575ddb",
                "fastp-seq-quality-plot_Read_1_Before_filtering.txt:md5,5c839d56fdd6bd3de3c073e7f8f99fbc",
                "fastp-seq-quality-plot_Read_2_After_filtering.txt:md5,d5c8d46c92c9c2b817449703b914843e",
                "fastp-seq-quality-plot_Read_2_Before_filtering.txt:md5,05e1dc07342c13ef47bd49a886f6ad6f",
                "fastp_filtered_reads_plot.txt:md5,3b247fc62472cc37471437f0c5f612fe",
                "fastqc-status-check-heatmap.txt:md5,0f1975c565a16bf09be08a05c204ded7",
                "fastqc_overrepresented_sequences_plot.txt:md5,4b23cea39c4e23deef6b97810bc1ee46",
                "fastqc_per_base_n_content_plot.txt:md5,037692101c0130c72493d3bbfa3afac1",
                "fastqc_per_base_sequence_quality_plot.txt:md5,bfe735f3e31befe13bdf6761bb297d6e",
                "fastqc_per_sequence_gc_content_plot_Counts.txt:md5,7108d19c46ef7883e864ba274c457d2e",
                "fastqc_per_sequence_gc_content_plot_Percentages.txt:md5,23f527c80a148e4f34e5a43f6e520a90",
                "fastqc_per_sequence_quality_scores_plot.txt:md5,a0cc0e6df7bfb05257da1cfc88b13c50",
                "fastqc_sequence_counts_plot.txt:md5,c6e4e1588e6765fe8df27812a1322fbd",
                "fastqc_sequence_duplication_levels_plot.txt:md5,3cde2db4033f6c64648976d1174db925",
                "fastqc_sequence_length_distribution_plot.txt:md5,e82b9b14a7e24c0c5f27af97cebb6870",
                "multiqc_citations.txt:md5,d35df50e9903a96a2b3bce3c1fbc8ad2",
                "multiqc_fastp.txt:md5,068915af60f280407fc9d67a1832faf9",
                "multiqc_fastqc.txt:md5,1a41c2158adc9947bff9232962f70110",
                "multiqc_general_stats.txt:md5,f368a85bc2ba44fede9f27a867f6e3bd"
            ]
        ],
        "meta": {
            "nf-test": "0.9.2",
            "nextflow": "25.04.3"
        },
        "timestamp": "2025-06-11T10:05:01.795635329"
    }
}