{
    "Snapshot - Workflow status - kma+reference (provided a segment DB path)": {
        "content": [
            true,
            true
        ],
        "meta": {
            "nf-test": "0.9.2",
            "nextflow": "25.04.3"
        },
        "timestamp": "2025-08-06T16:24:22.688470216"
    },
    "Snapshot - Workflow status - kma+reference (single FASTA file; single sequence)": {
        "content": [
            true,
            true
        ],
        "meta": {
            "nf-test": "0.9.2",
            "nextflow": "25.04.3"
        },
        "timestamp": "2025-08-06T16:24:38.337746132"
    },
    "Snapshot - Workflow status - static+reference_selection_db": {
        "content": [
            true,
            true
        ],
        "meta": {
            "nf-test": "0.9.2",
            "nextflow": "25.04.3"
        },
        "timestamp": "2025-08-06T16:24:09.411638501"
    }
}