{
    "Snapshot-BED-stub": {
        "content": [
            [
                [
                    {
                        "id": "test.spec_case.filtered.vcf"
                    },
                    "test.spec_case.filtered.vcf.special_case_variant_mask.bed:md5,d41d8cd98f00b204e9800998ecf8427e"
                ]
            ]
        ],
        "meta": {
            "nf-test": "0.9.2",
            "nextflow": "25.04.3"
        },
        "timestamp": "2025-06-11T15:23:08.582335374"
    },
    "Snapshot-VERSIONS-stub": {
        "content": [
            [
                "versions.yml:md5,542aebb26490259942157e100eba7c8b"
            ]
        ],
        "meta": {
            "nf-test": "0.8.4",
            "nextflow": "23.04.1"
        },
        "timestamp": "2025-02-13T16:35:17.094699981"
    },
    "Snapshot-BED": {
        "content": [
            [
                [
                    {
                        "id": "test.spec_case.filtered.vcf"
                    },
                    "test.special_case_variant_mask.bed:md5,bdd89429997e007414772c250cd704de"
                ]
            ]
        ],
        "meta": {
            "nf-test": "0.9.2",
            "nextflow": "25.04.3"
        },
        "timestamp": "2025-06-11T15:23:02.487412468"
    },
    "Snapshot-VERSIONS": {
        "content": [
            [
                "versions.yml:md5,542aebb26490259942157e100eba7c8b"
            ]
        ],
        "meta": {
            "nf-test": "0.8.4",
            "nextflow": "23.04.1"
        },
        "timestamp": "2025-02-13T16:35:12.139841764"
    },
    "SARS-CoV-2 - vcf - no special case": {
        "content": [
            [
                [
                    {
                        "id": "test2"
                    },
                    "test2.special_case_variant_mask.bed:md5,d41d8cd98f00b204e9800998ecf8427e"
                ]
            ]
        ],
        "meta": {
            "nf-test": "0.9.2",
            "nextflow": "25.04.3"
        },
        "timestamp": "2025-06-11T15:36:13.594846046"
    }
}